// Jest Snapshot v1, https://goo.gl/fbAQLP

exports[`Edit Sketch Screen 1`] = `<View />`;
