// Jest Snapshot v1, https://goo.gl/fbAQLP

exports[`Picture Saved 1`] = `
Array [
  <View
    style={Object {}}
  >
    <View
      style={
        Array [
          Object {
            "alignContent": "center",
            "alignItems": "center",
            "flexDirection": "row",
            "height": 50,
            "justifyContent": "space-between",
            "paddingHorizontal": 5,
          },
          Object {
            "backgroundColor": "#9f4347",
          },
        ]
      }
    >
      <Text
        allowFontScaling={false}
        onPress={[Function]}
        style={
          Array [
            Object {
              "color": "#fff",
              "fontSize": 22,
            },
            undefined,
            Object {
              "fontFamily": "anticon",
              "fontStyle": "normal",
              "fontWeight": "normal",
            },
            Object {},
          ]
        }
      >
        
      </Text>
      <Text
        style={
          Array [
            Object {
              "textAlign": "center",
            },
            Object {
              "color": "#fff",
            },
          ]
        }
      >
        PHOTO
      </Text>
      <View />
    </View>
    <View />
  </View>,
  <View
    style={
      Object {
        "alignContent": "flex-start",
        "backgroundColor": "#f1c3aa",
        "flex": 1,
        "justifyContent": "flex-start",
        "padding": 5,
      }
    }
  >
    <Image
      resizeMode="contain"
      source={
        Object {
          "uri": "https://i.pinimg.com/564x/bd/0f/4f/bd0f4f9d99dee4fd5c3ea53facc7492f.jpg",
        }
      }
      style={
        Object {
          "flex": 1,
          "height": "100%",
          "width": "100%",
        }
      }
    />
    <View
      style={
        Object {
          "alignContent": "center",
          "flexDirection": "row",
          "justifyContent": "space-around",
          "padding": 10,
        }
      }
    >
      <View>
        <View
          accessible={true}
          focusable={true}
          onClick={[Function]}
          onResponderGrant={[Function]}
          onResponderMove={[Function]}
          onResponderRelease={[Function]}
          onResponderTerminate={[Function]}
          onResponderTerminationRequest={[Function]}
          onStartShouldSetResponder={[Function]}
          style={
            Object {
              "alignContent": "center",
              "alignItems": "center",
              "aspectRatio": 1,
              "backgroundColor": "#fff",
              "borderRadius": 50,
              "height": 50,
              "justifyContent": "center",
              "opacity": 1,
            }
          }
        >
          <Text
            allowFontScaling={false}
            style={
              Array [
                Object {
                  "color": "#9f4347",
                  "fontSize": 22,
                },
                undefined,
                Object {
                  "fontFamily": "Entypo",
                  "fontStyle": "normal",
                  "fontWeight": "normal",
                },
                Object {},
              ]
            }
          >
            
          </Text>
        </View>
        <Text
          style={
            Array [
              Object {
                "textAlign": "center",
              },
              Object {
                "color": "#9f4347",
              },
            ]
          }
        >
          Change
        </Text>
      </View>
      <View>
        <View
          accessible={true}
          focusable={true}
          onClick={[Function]}
          onResponderGrant={[Function]}
          onResponderMove={[Function]}
          onResponderRelease={[Function]}
          onResponderTerminate={[Function]}
          onResponderTerminationRequest={[Function]}
          onStartShouldSetResponder={[Function]}
          style={
            Object {
              "alignContent": "center",
              "alignItems": "center",
              "aspectRatio": 1,
              "backgroundColor": "#fff",
              "borderRadius": 50,
              "height": 50,
              "justifyContent": "center",
              "opacity": 1,
            }
          }
        >
          <Text
            allowFontScaling={false}
            style={
              Array [
                Object {
                  "color": "#9f4347",
                  "fontSize": 22,
                },
                undefined,
                Object {
                  "fontFamily": "Entypo",
                  "fontStyle": "normal",
                  "fontWeight": "normal",
                },
                Object {},
              ]
            }
          >
            
          </Text>
        </View>
        <Text
          style={
            Array [
              Object {
                "textAlign": "center",
              },
              Object {
                "color": "#9f4347",
              },
            ]
          }
        >
          Main
        </Text>
      </View>
    </View>
  </View>,
]
`;
